User ID: 1
Old Password Input: 11111111
Time: 2025-04-06 18:45:07

User ID: 
Old Password Input: 
Time: 2025-04-06 18:46:15

User ID: 1
Old Password Input: old123
Time: 2025-04-06 18:49:46

Request Time: 2025-04-06 20:59:25
Request Data: {
  "user_id": 1,
  "old_password": "old123",
  "new_password": "new123"
}


Request Time: 2025-04-06 21:02:04
Request Data: {"user_id":12,"old_password":"11111111","new_password":"11223344"}

Request Time: 2025-04-06 21:13:36
Request Data: {"user_id":11,"old_password":"123456","new_password":"123123"}

Request Time: 2025-04-07 08:06:42
Request Data: {"user_id":0,"old_password":"11223344","new_password":"1212"}

Request Time: 2025-04-07 08:06:54
Request Data: {"user_id":0,"old_password":"11223344","new_password":"1212"}

Request Time: 2025-04-07 08:07:09
Request Data: {"user_id":0,"old_password":"11223344","new_password":"121212"}

Request Time: 2025-04-07 08:09:52
Request Data: {"user_id":0,"old_password":"11223344","new_password":"1212"}

Request Time: 2025-04-07 08:13:06
Request Data: {"user_id":0,"old_password":"11223344","new_password":"234234"}

Request Time: 2025-04-07 08:17:18
Request Data: {"user_id":0,"old_password":"11223344","new_password":"121212"}

Request Time: 2025-04-07 08:20:54
Request Data: {
  "user_id": 1,
  "old_password": "old123",
  "new_password": "new123"
}


Request Time: 2025-04-07 08:21:20
Request Data: {"user_id":0,"old_password":"11223344","new_password":"121212"}

Request Time: 2025-04-07 08:24:36
Request Data: {"user_id":0,"old_password":"11223344","new_password":"12121212"}

Request Time: 2025-04-07 08:50:29
Request Data: {"user_id":0,"old_password":"11223344","new_password":"111222"}

Request Time: 2025-04-07 12:38:59
Request Data: {"user_id":0,"old_password":"11223344","new_password":"123123"}

Request Time: 2025-04-07 12:39:20
Request Data: {"user_id":0,"old_password":"11223344","new_password":"12312312"}

Request Time: 2025-04-07 12:41:07
Request Data: {"user_id":0,"old_password":"11223344","new_password":"121212"}

Request Time: 2025-04-07 12:41:15
Request Data: {"user_id":0,"old_password":"11223344","new_password":"121212"}

Request Time: 2025-04-07 13:07:21
Request Data: {
  "user_id": 1,
  "old_password": "old123",
  "new_password": "new123"
}


Request Time: 2025-04-07 13:11:32
Request Data: {"user_id":"0","old_password":"11223344","new_password":"123123"}

Request Time: 2025-04-07 13:12:07
Request Data: {
  "user_id": 1,
  "old_password": "old123",
  "new_password": "new123"
}


Request Time: 2025-04-07 13:13:17
Request Data: {"user_id":"0","old_password":"11223344","new_password":"123123"}

Request Time: 2025-04-07 13:13:36
Request Data: {
  "user_id": 1,
  "old_password": "old123",
  "new_password": "new123"
}


Request Time: 2025-04-07 13:35:07
Request Data: {
  "user_id": 1,
  "old_password": "old123",
  "new_password": "new123"
}


Request Time: 2025-04-07 13:35:15
Request Data: {
  "user_id": 1,
  "old_password": "old123",
  "new_password": "new123"
}


Request Time: 2025-04-07 13:38:29
Request Data: {"user_id":12,"old_password":"11223344","new_password":"123123"}

Request Time: 2025-04-07 13:40:06
Request Data: {"user_id":12,"old_password":"123123","new_password":"1111"}

Request Time: 2025-04-07 14:16:50
Request Data: {"user_id":13,"old_password":"123456","new_password":"11223344"}

Request Time: 2025-04-07 14:25:43
Request Data: {"user_id":13,"old_password":"11223344","new_password":"123456"}

Request Time: 2025-04-07 14:26:55
Request Data: {"user_id":14,"old_password":"123456","new_password":"123123"}

Request Time: 2025-04-07 14:28:20
Request Data: {"user_id":14,"old_password":"123123","new_password":"123456"}

Request Time: 2025-04-07 15:03:41
Request Data: {"user_id":13,"old_password":"123456","new_password":"111111"}

Request Time: 2025-04-07 15:15:09
Request Data: {"user_id":13,"old_password":"111111","new_password":"123123"}

Request Time: 2025-04-07 15:26:44
Request Data: {"user_id":13,"old_password":"123123","new_password":"111111"}

Request Time: 2025-04-07 15:27:49
Request Data: {"user_id":13,"old_password":"123123","new_password":"111111"}

Request Time: 2025-04-07 15:40:41
Request Data: {"user_id":13,"old_password":"123123","new_password":"111111"}

Request Time: 2025-04-07 15:41:02
Request Data: {"user_id":13,"old_password":"111111","new_password":"111111"}

Request Time: 2025-04-07 15:41:22
Request Data: {"user_id":13,"old_password":"111111","new_password":"123123"}

Request Time: 2025-04-07 20:11:08
Request Data: {"user_id":13,"old_password":"123123","new_password":"111111"}

Request Time: 2025-04-07 23:01:20
Request Data: {"user_id":13,"old_password":"111111","new_password":"123123"}

Request Time: 2025-04-08 16:23:57
Request Data: {"user_id":13,"old_password":"123123","new_password":"111111"}

Request Time: 2025-04-08 18:09:58
Request Data: {"user_id":13,"old_password":"123123","new_password":"111111"}

Request Time: 2025-04-11 13:57:05
Request Data: {"user_id":13,"old_password":"111111","new_password":"123123"}

Request Time: 2025-04-13 12:41:20
Request Data: {"user_id":7,"old_password":"123456","new_password":"111111"}

